2025-01-12 11:35:21,058 - WARNING - 指定されたディレクトリにテキストファイルが存在しません: album
2025-01-12 11:39:31,782 - INFO - アルバム '1. UNISON SQUARE GARDEN' を処理中...
2025-01-12 11:39:31,867 - INFO - ファイルをリネームしました: 0.txt -> 0_カラクリカルカレ.txt
2025-01-12 11:39:31,885 - INFO - ファイルをリネームしました: 1.txt -> 1_センチメンタルピリオド.txt
2025-01-12 11:39:31,907 - INFO - ファイルをリネームしました: 10.txt -> 10_クローバー.txt
2025-01-12 11:39:31,930 - INFO - ファイルをリネームしました: 2.txt -> 2_サンポサキマイライフ.txt
2025-01-12 11:39:31,947 - INFO - ファイルをリネームしました: 3.txt -> 3_デイライ協奏楽団.txt
2025-01-12 11:39:31,966 - INFO - ファイルをリネームしました: 4.txt -> 4_等身大の地球.txt
2025-01-12 11:39:31,987 - INFO - ファイルをリネームしました: 5.txt -> 5_MR.アンディ.txt
2025-01-12 11:39:32,007 - INFO - ファイルをリネームしました: 6.txt -> 6_WINDOW開ける.txt
2025-01-12 11:39:32,030 - INFO - ファイルをリネームしました: 7.txt -> 7_マスターボリューム.txt
2025-01-12 11:39:32,049 - INFO - ファイルをリネームしました: 8.txt -> 8_いつかの少年.txt
2025-01-12 11:39:32,065 - INFO - ファイルをリネームしました: 9.txt -> 9_箱庭ロック・ショー.txt
2025-01-12 11:39:32,068 - INFO - アルバム '2. JET CO' を処理中...
2025-01-12 11:39:32,071 - INFO - ファイルをリネームしました: 0.txt -> 0_メッセンジャーフロム全世界.txt
2025-01-12 11:39:32,089 - INFO - ファイルをリネームしました: 1.txt -> 1_コーヒーカップシンドローム.txt
2025-01-12 11:39:32,109 - INFO - ファイルをリネームしました: 10.txt -> 10_スノウアンサー.txt
2025-01-12 11:39:32,128 - INFO - ファイルをリネームしました: 11.txt -> 11_23_25.txt
2025-01-12 11:39:32,145 - INFO - ファイルをリネームしました: 2.txt -> 2_チャイルドフッド・スーパーノヴァ.txt
2025-01-12 11:39:32,163 - INFO - ファイルをリネームしました: 3.txt -> 3_cody beats.txt
2025-01-12 11:39:32,177 - INFO - ファイルをリネームしました: 4.txt -> 4_気まぐれ雑踏.txt
2025-01-12 11:39:32,192 - INFO - ファイルをリネームしました: 5.txt -> 5_キライ＝キライ.txt
2025-01-12 11:39:32,214 - INFO - ファイルをリネームしました: 6.txt -> 6_ライドオンタイム.txt
2025-01-12 11:39:32,237 - INFO - ファイルをリネームしました: 7.txt -> 7_meet the world time.txt
2025-01-12 11:39:32,264 - INFO - ファイルをリネームしました: 8.txt -> 8_夜が揺れている.txt
2025-01-12 11:39:32,286 - INFO - ファイルをリネームしました: 9.txt -> 9_アイラブニージュー.txt
2025-01-12 11:39:32,289 - INFO - アルバム '3. Populus Populus' を処理中...
2025-01-12 11:39:32,321 - INFO - ファイルをリネームしました: 0.txt -> 0_3 minutes replay.txt
2025-01-12 11:39:32,347 - INFO - ファイルをリネームしました: 1.txt -> 1_kid,I like quartet.txt
2025-01-12 11:39:32,368 - INFO - ファイルをリネームしました: 10.txt -> 10_未完成デイジー.txt
2025-01-12 11:39:32,389 - INFO - ファイルをリネームしました: 11.txt -> 11_オリオンをなぞる.txt
2025-01-12 11:39:32,407 - INFO - ファイルをリネームしました: 12.txt -> 12_シュプレヒコール〜世界が終わる前に〜.txt
2025-01-12 11:39:32,432 - INFO - ファイルをリネームしました: 2.txt -> 2_プロトラクト・カウントダウン.txt
2025-01-12 11:39:32,454 - INFO - ファイルをリネームしました: 3.txt -> 3_きみのもとへ.txt
2025-01-12 11:39:32,483 - INFO - ファイルをリネームしました: 4.txt -> 4_僕らのその先.txt
2025-01-12 11:39:32,505 - INFO - ファイルをリネームしました: 5.txt -> 5_スカースデイル.txt
2025-01-12 11:39:32,529 - INFO - ファイルをリネームしました: 6.txt -> 6_ワールドワイド・スーパーガール.txt
2025-01-12 11:39:32,552 - INFO - ファイルをリネームしました: 7.txt -> 7_CAPACITY超える.txt
2025-01-12 11:39:32,577 - INFO - ファイルをリネームしました: 8.txt -> 8_場違いハミングバード.txt
2025-01-12 11:39:32,603 - INFO - ファイルをリネームしました: 9.txt -> 9_カウンターアイデンティティ.txt
2025-01-12 11:39:32,605 - INFO - アルバム '4. CIDER ROAD' を処理中...
2025-01-12 11:39:32,628 - INFO - ファイルをリネームしました: 0.txt -> 0_to the CIDER ROAD.txt
2025-01-12 11:39:32,652 - INFO - ファイルをリネームしました: 1.txt -> 1_ため息 shooting the MOON.txt
2025-01-12 11:39:32,677 - INFO - ファイルをリネームしました: 10.txt -> 10_crazy birthday.txt
2025-01-12 11:39:32,701 - INFO - ファイルをリネームしました: 11.txt -> 11_君はともだち.txt
2025-01-12 11:39:32,725 - INFO - ファイルをリネームしました: 12.txt -> 12_シャンデリア・ワルツ.txt
2025-01-12 11:39:32,754 - INFO - ファイルをリネームしました: 2.txt -> 2_リニアブルーを聴きながら.txt
2025-01-12 11:39:32,778 - INFO - ファイルをリネームしました: 3.txt -> 3_like coffeeのおまじない.txt
2025-01-12 11:39:32,804 - INFO - ファイルをリネームしました: 4.txt -> 4_お人好しカメレオン.txt
2025-01-12 11:39:32,832 - INFO - ファイルをリネームしました: 5.txt -> 5_光のどけき春の日に.txt
2025-01-12 11:39:32,857 - INFO - ファイルをリネームしました: 6.txt -> 6_クロスハート1号線(advantage in a long time).txt
2025-01-12 11:39:32,890 - INFO - ファイルをリネームしました: 7.txt -> 7_セレナーデが止まらない.txt
2025-01-12 11:39:32,923 - INFO - ファイルをリネームしました: 8.txt -> 8_流星のスコール.txt
2025-01-12 11:39:32,950 - INFO - ファイルをリネームしました: 9.txt -> 9_Miss.サンディ.txt
2025-01-12 11:39:32,952 - INFO - アルバム '5. Catcher In The Spy' を処理中...
2025-01-12 11:39:32,971 - INFO - ファイルをリネームしました: 0.txt -> 0_サイレンインザスパイ.txt
2025-01-12 11:39:32,986 - INFO - ファイルをリネームしました: 1.txt -> 1_シューゲイザースピーカー.txt
2025-01-12 11:39:33,006 - INFO - ファイルをリネームしました: 10.txt -> 10_instant EGOIST.txt
2025-01-12 11:39:33,022 - INFO - ファイルをリネームしました: 11.txt -> 11_黄昏インザスパイ.txt
2025-01-12 11:39:33,039 - INFO - ファイルをリネームしました: 2.txt -> 2_桜のあと(all quartets lead to the_).txt
2025-01-12 11:39:33,059 - INFO - ファイルをリネームしました: 3.txt -> 3_蒙昧termination.txt
2025-01-12 11:39:33,082 - INFO - ファイルをリネームしました: 4.txt -> 4_君が大人になってしまう前に.txt
2025-01-12 11:39:33,104 - INFO - ファイルをリネームしました: 5.txt -> 5_メカトル時空探検隊.txt
2025-01-12 11:39:33,123 - INFO - ファイルをリネームしました: 6.txt -> 6_流れ星を撃ち落せ.txt
2025-01-12 11:39:33,145 - INFO - ファイルをリネームしました: 7.txt -> 7_何かが変わりそう.txt
2025-01-12 11:39:33,170 - INFO - ファイルをリネームしました: 8.txt -> 8_harmonized finale.txt
2025-01-12 11:39:33,189 - INFO - ファイルをリネームしました: 9.txt -> 9_天国と地獄.txt
2025-01-12 11:39:33,191 - INFO - アルバム '6. Dr Izzy' を処理中...
2025-01-12 11:39:33,211 - INFO - ファイルをリネームしました: 0.txt -> 0_エアリアルエイリアン.txt
2025-01-12 11:39:33,231 - INFO - ファイルをリネームしました: 1.txt -> 1_アトラクションがはじまる（they call it “NO 6_）.txt
2025-01-12 11:39:33,250 - INFO - ファイルをリネームしました: 10.txt -> 10_mix juiceのいうとおり.txt
2025-01-12 11:39:33,269 - INFO - ファイルをリネームしました: 11.txt -> 11_Cheap Cheap Endroll.txt
2025-01-12 11:39:33,288 - INFO - ファイルをリネームしました: 2.txt -> 2_シュガーソングとビターステップ.txt
2025-01-12 11:39:33,305 - INFO - ファイルをリネームしました: 3.txt -> 3_マイノリティ・リポート（darling, I love you）.txt
2025-01-12 11:39:33,318 - INFO - ファイルをリネームしました: 4.txt -> 4_オトノバ中間試験.txt
2025-01-12 11:39:33,337 - INFO - ファイルをリネームしました: 5.txt -> 5_マジョリティ・リポート（darling, I love you）.txt
2025-01-12 11:39:33,358 - INFO - ファイルをリネームしました: 6.txt -> 6_BUSTER DICE MISERY.txt
2025-01-12 11:39:33,389 - INFO - ファイルをリネームしました: 7.txt -> 7_パンデミックサドンデス.txt
2025-01-12 11:39:33,417 - INFO - ファイルをリネームしました: 8.txt -> 8_8月、昼中の流れ星と飛行機雲.txt
2025-01-12 11:39:33,450 - INFO - ファイルをリネームしました: 9.txt -> 9_フライデイノベルス.txt
2025-01-12 11:39:33,452 - INFO - アルバム '7. MODE MOOD MODE' を処理中...
2025-01-12 11:39:33,476 - INFO - ファイルをリネームしました: 0.txt -> 0_Own civilization.txt
2025-01-12 11:39:33,505 - INFO - ファイルをリネームしました: 1.txt -> 1_Dizzy Trickster.txt
2025-01-12 11:39:33,526 - INFO - ファイルをリネームしました: 10.txt -> 10_10% roll, 10% romance.txt
2025-01-12 11:39:33,544 - INFO - ファイルをリネームしました: 11.txt -> 11_君の瞳に恋してない.txt
2025-01-12 11:39:33,563 - INFO - ファイルをリネームしました: 2.txt -> 2_オーケストラを観にいこう.txt
2025-01-12 11:39:33,585 - INFO - ファイルをリネームしました: 3.txt -> 3_fake town baby.txt
2025-01-12 11:39:33,604 - INFO - ファイルをリネームしました: 4.txt -> 4_静謐甘美秋暮抒情.txt
2025-01-12 11:39:33,624 - INFO - ファイルをリネームしました: 5.txt -> 5_Silent Libre Mirage.txt
2025-01-12 11:39:33,643 - INFO - ファイルをリネームしました: 6.txt -> 6_MIDNIGHT JUNGLE.txt
2025-01-12 11:39:33,663 - INFO - ファイルをリネームしました: 7.txt -> 7_フィクションフリーククライシス.txt
2025-01-12 11:39:33,680 - INFO - ファイルをリネームしました: 8.txt -> 8_Invisible Sensation.txt
2025-01-12 11:39:33,701 - INFO - ファイルをリネームしました: 9.txt -> 9_夢が覚めたら(at that river).txt
2025-01-12 11:39:33,703 - INFO - アルバム '8. Patric Vegee' を処理中...
2025-01-12 11:39:33,725 - INFO - ファイルをリネームしました: 0.txt -> 0_Hatch I need.txt
2025-01-12 11:39:33,743 - INFO - ファイルをリネームしました: 1.txt -> 1_マーメイドスキャンダラス.txt
2025-01-12 11:39:33,765 - INFO - ファイルをリネームしました: 10.txt -> 10_Simple Simple Anecdote.txt
2025-01-12 11:39:33,782 - INFO - ファイルをリネームしました: 11.txt -> 11_101回目のプロローグ.txt
2025-01-12 11:39:33,795 - INFO - ファイルをリネームしました: 2.txt -> 2_スロウカーヴは打てない（that made me crazy）.txt
2025-01-12 11:39:33,812 - INFO - ファイルをリネームしました: 3.txt -> 3_Catch up, latency.txt
2025-01-12 11:39:33,829 - INFO - ファイルをリネームしました: 4.txt -> 4_摂食ビジランテ.txt
2025-01-12 11:39:33,845 - INFO - ファイルをリネームしました: 5.txt -> 5_夏影テールライト.txt
2025-01-12 11:39:33,863 - INFO - ファイルをリネームしました: 6.txt -> 6_Phantom Joke.txt
2025-01-12 11:39:33,880 - INFO - ファイルをリネームしました: 7.txt -> 7_世界はファンシー.txt
2025-01-12 11:39:33,897 - INFO - ファイルをリネームしました: 8.txt -> 8_弥生町ロンリープラネット.txt
2025-01-12 11:39:33,915 - INFO - ファイルをリネームしました: 9.txt -> 9_春が来てぼくら.txt
2025-01-12 11:39:33,918 - INFO - アルバム '9. Ninth Peel' を処理中...
2025-01-12 11:39:33,936 - INFO - ファイルをリネームしました: 0.txt -> 0_スペースシャトル・ララバイ.txt
2025-01-12 11:39:33,954 - INFO - ファイルをリネームしました: 1.txt -> 1_恋する惑星.txt
2025-01-12 11:39:33,973 - INFO - ファイルをリネームしました: 10.txt -> 10_フレーズボトル・バイバイ.txt
2025-01-12 11:39:33,991 - INFO - ファイルをリネームしました: 2.txt -> 2_ミレニアムハッピー・チェーンソーエッヂ.txt
2025-01-12 11:39:34,012 - INFO - ファイルをリネームしました: 3.txt -> 3_カオスが極まる.txt
2025-01-12 11:39:34,037 - INFO - ファイルをリネームしました: 4.txt -> 4_City Peel.txt
2025-01-12 11:39:34,063 - INFO - ファイルをリネームしました: 5.txt -> 5_Nihil Pip ViPer.txt
2025-01-12 11:39:34,086 - INFO - ファイルをリネームしました: 6.txt -> 6_Numbness like a ginger.txt
2025-01-12 11:39:34,107 - INFO - ファイルをリネームしました: 7.txt -> 7_もう君に会えない.txt
2025-01-12 11:39:34,130 - INFO - ファイルをリネームしました: 8.txt -> 8_アンチ・トレンディ・クラブ.txt
2025-01-12 11:39:34,150 - INFO - ファイルをリネームしました: 9.txt -> 9_kareido proud fiesta.txt
